// Jest Snapshot v1, https://goo.gl/fbAQLP

exports[`list-todo render 1`] = `
<list-todo>
  <mock:shadow-root></mock:shadow-root>
</list-todo>
`;
